// Jest Snapshot v1, https://goo.gl/fbAQLP

exports[`props =>
_react2.default.createElement('li', { __source: { fileName: _jsxFileName, lineNumber: 6 }, __self: undefined },
  _react2.default.createElement(_reactRouterDom.Link, Object.assign({}, props, { __source: { fileName: _jsxFileName, lineNumber: 7 }, __self: undefined }))) renders and matches our snapshot 1`] = `
<li>
  <a
    href="someLocation"
    onClick={[Function]}
  />
</li>
`;
